// Jest Snapshot v1, https://goo.gl/fbAQLP

exports[`Should FilmReviews render correctly 1`] = `
<div>
  <div
    class="movie-rating"
  >
    <div
      class="movie-rating__score"
    >
      3.3
    </div>
    <p
      class="movie-rating__meta"
    >
      <span
        class="movie-rating__level"
      >
        Bad
      </span>
      <span
        class="movie-rating__count"
      >
        48798
         ratings
      </span>
    </p>
  </div>
  <div
    class="movie-card__text"
  >
    Macbeth, the Thane of Glamis, receives a prophecy from a trio of witches that one day he will become King of Scotland. Consumed by ambition and spurred to action by his wife, Macbeth murders his king and takes the throne for himself.
    <p
      class="movie-card__director"
    >
      <strong>
        Director: 
        Justin Kurzel
      </strong>
    </p>
    <p
      class="movie-card__starring"
    >
      <strong>
        Starring: 
        Michael Fassbender
        , 
        Marion Cotillard
        , 
        Jack Madigan
        , 
        and other
      </strong>
    </p>
  </div>
</div>
`;
