// Jest Snapshot v1, https://goo.gl/fbAQLP

exports[`Test SmallCardContainer SmallCardContainer should be render correctly 1`] = `
<div>
  <article
    class="small-movie-card catalog__movies-card"
  >
    <div
      class="small-movie-card__image"
    >
      <img
        alt=""
        height="175"
        src=""
        width="280"
      />
    </div>
    <h3
      class="small-movie-card__title"
    >
      <a
        class="small-movie-card__link"
        href="/films/1"
      />
    </h3>
  </article>
</div>
`;
