// Jest Snapshot v1, https://goo.gl/fbAQLP

exports[`Should FilmDetails render correctly 1`] = `
<div>
  <div
    class="movie-card__text movie-card__row"
  >
    <div
      class="movie-card__text-col"
    >
      <p
        class="movie-card__details-item"
      >
        <strong
          class="movie-card__details-name"
        >
          Director
        </strong>
        <span
          class="movie-card__details-value"
        >
          Justin Kurzel
        </span>
      </p>
      <p
        class="movie-card__details-item"
      >
        <strong
          class="movie-card__details-name"
        >
          Starring
        </strong>
        <span
          class="movie-card__details-value"
        >
          Michael Fassbender
           
          <br />
          Marion Cotillard
           
          <br />
          Jack Madigan
           
          <br />
        </span>
      </p>
    </div>
    <div
      class="movie-card__text-col"
    >
      <p
        class="movie-card__details-item"
      >
        <strong
          class="movie-card__details-name"
        >
          Run Time
        </strong>
        <span
          class="movie-card__details-value"
        >
          1hours 53minutes
        </span>
      </p>
      <p
        class="movie-card__details-item"
      >
        <strong
          class="movie-card__details-name"
        >
          Genre
        </strong>
        <span
          class="movie-card__details-value"
        >
          Drama
        </span>
      </p>
      <p
        class="movie-card__details-item"
      >
        <strong
          class="movie-card__details-name"
        >
          Released
        </strong>
        <span
          class="movie-card__details-value"
        >
          2015
        </span>
      </p>
    </div>
  </div>
</div>
`;
