// Jest Snapshot v1, https://goo.gl/fbAQLP

exports[`Should NotFound render correctly 1`] = `
<div>
  <div
    class="user-page"
  >
    <header
      class="page-header user-page__head"
    >
      <div
        class="logo"
      >
        <a
          class="logo__link"
          href="/"
        >
          <span
            class="logo__letter logo__letter--1"
          >
            W
          </span>
          <span
            class="logo__letter logo__letter--2"
          >
            T
          </span>
          <span
            class="logo__letter logo__letter--3"
          >
            W
          </span>
        </a>
      </div>
      <h1
        class="page-title user-page__title"
      >
        Not found
      </h1>
    </header>
    <div
      class="not-found"
    >
      <a
        class="not-found__link"
        href="/"
      >
        Go to the main page
      </a>
    </div>
    <footer
      class="page-footer"
    >
      <div
        class="logo"
      >
        <a
          class="logo__link"
          href="/"
        >
          <span
            class="logo__letter logo__letter--1"
          >
            W
          </span>
          <span
            class="logo__letter logo__letter--2"
          >
            T
          </span>
          <span
            class="logo__letter logo__letter--3"
          >
            W
          </span>
        </a>
      </div>
      <div
        class="copyright"
      >
        <p>
          Â© 2019 What to watch Ltd.
        </p>
      </div>
    </footer>
  </div>
</div>
`;
