// Jest Snapshot v1, https://goo.gl/fbAQLP

exports[`Should GenreItem render correctly 1`] = `
<div>
  <li
    class="catalog__genres-item mock class"
  >
    <a
      class="catalog__genres-link"
      href="/"
    >
      drama
    </a>
  </li>
</div>
`;
